[    0.000000] Linux version 4.15.0-175-generic (buildd@lcy02-amd64-034) (gcc version 7.5.0 (Ubuntu 7.5.0-3ubuntu1~18.04)) #184-Ubuntu SMP Thu Mar 24 17:48:36 UTC 2022 (Ubuntu 4.15.0-175.184-generic 4.15.18)
[    0.000000] Command line: BOOT_IMAGE=/boot/vmlinuz-4.15.0-175-generic root=UUID=0684c079-d336-4c12-a204-14d5a871ead0 ro console=tty1 console=ttyS0
[    0.000000] KERNEL supported cpus:
[    0.000000]   Intel GenuineIntel
[    0.000000]   AMD AuthenticAMD
[    0.000000]   Centaur CentaurHauls
[    0.000000] x86/fpu: Supporting XSAVE feature 0x001: 'x87 floating point registers'
[    0.000000] x86/fpu: Supporting XSAVE feature 0x002: 'SSE registers'
[    0.000000] x86/fpu: Supporting XSAVE feature 0x004: 'AVX registers'
[    0.000000] x86/fpu: xstate_offset[2]:  576, xstate_sizes[2]:  256
[    0.000000] x86/fpu: Enabled xstate features 0x7, context size is 832 bytes, using 'standard' format.
[    0.000000] e820: BIOS-provided physical RAM map:
[    0.000000] BIOS-e820: [mem 0x0000000000000000-0x000000000009fbff] usable
[    0.000000] BIOS-e820: [mem 0x000000000009fc00-0x000000000009ffff] reserved
[    0.000000] BIOS-e820: [mem 0x00000000000f0000-0x00000000000fffff] reserved
[    0.000000] BIOS-e820: [mem 0x0000000000100000-0x000000003ffeffff] usable
[    0.000000] BIOS-e820: [mem 0x000000003fff0000-0x000000003fffffff] ACPI data
[    0.000000] BIOS-e820: [mem 0x00000000fec00000-0x00000000fec00fff] reserved
[    0.000000] BIOS-e820: [mem 0x00000000fee00000-0x00000000fee00fff] reserved
[    0.000000] BIOS-e820: [mem 0x00000000fffc0000-0x00000000ffffffff] reserved
[    0.000000] NX (Execute Disable) protection: active
[    0.000000] SMBIOS 2.5 present.
[    0.000000] DMI: innotek GmbH VirtualBox/VirtualBox, BIOS VirtualBox 12/01/2006
[    0.000000] Hypervisor detected: KVM
[    0.000000] e820: last_pfn = 0x3fff0 max_arch_pfn = 0x400000000
[    0.000000] MTRR: Disabled
[    0.000000] x86/PAT: MTRRs disabled, skipping PAT initialization too.
[    0.000000] CPU MTRRs all blank - virtualized system.
[    0.000000] x86/PAT: Configuration [0-7]: WB  WT  UC- UC  WB  WT  UC- UC  
[    0.000000] found SMP MP-table at [mem 0x0009fff0-0x0009ffff]
[    0.000000] Scanning 1 areas for low memory corruption
[    0.000000] RAMDISK: [mem 0x357bd000-0x36bd5fff]
[    0.000000] ACPI: Early table checksum verification disabled
[    0.000000] ACPI: RSDP 0x00000000000E0000 000024 (v02 VBOX  )
[    0.000000] ACPI: XSDT 0x000000003FFF0030 00003C (v01 VBOX   VBOXXSDT 00000001 ASL  00000061)
[    0.000000] ACPI: FACP 0x000000003FFF00F0 0000F4 (v04 VBOX   VBOXFACP 00000001 ASL  00000061)
[    0.000000] ACPI: DSDT 0x000000003FFF0470 002325 (v02 VBOX   VBOXBIOS 00000002 INTL 20100528)
[    0.000000] ACPI: FACS 0x000000003FFF0200 000040
[    0.000000] ACPI: FACS 0x000000003FFF0200 000040
[    0.000000] ACPI: APIC 0x000000003FFF0240 00005C (v02 VBOX   VBOXAPIC 00000001 ASL  00000061)
[    0.000000] ACPI: SSDT 0x000000003FFF02A0 0001CC (v01 VBOX   VBOXCPUT 00000002 INTL 20100528)
[    0.000000] ACPI: Reserving FACP table memory at [mem 0x3fff00f0-0x3fff01e3]
[    0.000000] ACPI: Reserving DSDT table memory at [mem 0x3fff0470-0x3fff2794]
[    0.000000] ACPI: Reserving FACS table memory at [mem 0x3fff0200-0x3fff023f]
[    0.000000] ACPI: Reserving FACS table memory at [mem 0x3fff0200-0x3fff023f]
[    0.000000] ACPI: Reserving APIC table memory at [mem 0x3fff0240-0x3fff029b]
[    0.000000] ACPI: Reserving SSDT table memory at [mem 0x3fff02a0-0x3fff046b]
[    0.000000] No NUMA configuration found
[    0.000000] Faking a node at [mem 0x0000000000000000-0x000000003ffeffff]
[    0.000000] NODE_DATA(0) allocated [mem 0x3ffc5000-0x3ffeffff]
[    0.000000] kvm-clock: cpu 0, msr 0:3ff44001, primary cpu clock
[    0.000000] kvm-clock: Using msrs 4b564d01 and 4b564d00
[    0.000000] kvm-clock: using sched offset of 5196080320 cycles
[    0.000000] clocksource: kvm-clock: mask: 0xffffffffffffffff max_cycles: 0x1cd42e4dffb, max_idle_ns: 881590591483 ns
[    0.000000] Zone ranges:
[    0.000000]   DMA      [mem 0x0000000000001000-0x0000000000ffffff]
[    0.000000]   DMA32    [mem 0x0000000001000000-0x000000003ffeffff]
[    0.000000]   Normal   empty
[    0.000000]   Device   empty
[    0.000000] Movable zone start for each node
[    0.000000] Early memory node ranges
[    0.000000]   node   0: [mem 0x0000000000001000-0x000000000009efff]
[    0.000000]   node   0: [mem 0x0000000000100000-0x000000003ffeffff]
[    0.000000] Reserved but unavailable: 104 pages
[    0.000000] Initmem setup node 0 [mem 0x0000000000001000-0x000000003ffeffff]
[    0.000000] ACPI: PM-Timer IO Port: 0x4008
[    0.000000] IOAPIC[0]: apic_id 2, version 32, address 0xfec00000, GSI 0-23
[    0.000000] ACPI: INT_SRC_OVR (bus 0 bus_irq 0 global_irq 2 dfl dfl)
[    0.000000] ACPI: INT_SRC_OVR (bus 0 bus_irq 9 global_irq 9 low level)
[    0.000000] Using ACPI (MADT) for SMP configuration information
[    0.000000] smpboot: Allowing 2 CPUs, 0 hotplug CPUs
[    0.000000] PM: Registered nosave memory: [mem 0x00000000-0x00000fff]
[    0.000000] PM: Registered nosave memory: [mem 0x0009f000-0x0009ffff]
[    0.000000] PM: Registered nosave memory: [mem 0x000a0000-0x000effff]
[    0.000000] PM: Registered nosave memory: [mem 0x000f0000-0x000fffff]
[    0.000000] e820: [mem 0x40000000-0xfebfffff] available for PCI devices
[    0.000000] Booting paravirtualized kernel on KVM
[    0.000000] clocksource: refined-jiffies: mask: 0xffffffff max_cycles: 0xffffffff, max_idle_ns: 7645519600211568 ns
[    0.000000] random: get_random_bytes called from start_kernel+0x99/0x500 with crng_init=0
[    0.000000] setup_percpu: NR_CPUS:8192 nr_cpumask_bits:2 nr_cpu_ids:2 nr_node_ids:1
[    0.000000] percpu: Embedded 50 pages/cpu s167936 r8192 d28672 u1048576
[    0.000000] PV qspinlock hash table entries: 256 (order: 0, 4096 bytes)
[    0.000000] Built 1 zonelists, mobility grouping on.  Total pages: 257913
[    0.000000] Policy zone: DMA32
[    0.000000] Kernel command line: BOOT_IMAGE=/boot/vmlinuz-4.15.0-175-generic root=UUID=0684c079-d336-4c12-a204-14d5a871ead0 ro console=tty1 console=ttyS0
[    0.000000] Memory: 981596K/1048120K available (12300K kernel code, 2484K rwdata, 4324K rodata, 2468K init, 2724K bss, 66524K reserved, 0K cma-reserved)
[    0.000000] SLUB: HWalign=64, Order=0-3, MinObjects=0, CPUs=2, Nodes=1
[    0.000000] Kernel/User page tables isolation: enabled
[    0.000000] ftrace: allocating 39503 entries in 155 pages
[    0.004000] Hierarchical RCU implementation.
[    0.004000] 	RCU restricting CPUs from NR_CPUS=8192 to nr_cpu_ids=2.
[    0.004000] 	Tasks RCU enabled.
[    0.004000] RCU: Adjusting geometry for rcu_fanout_leaf=16, nr_cpu_ids=2
[    0.004000] NR_IRQS: 524544, nr_irqs: 440, preallocated irqs: 16
[    0.004000] Console: colour VGA+ 80x25
[    0.004000] console [tty1] enabled
[    0.004000] console [ttyS0] enabled
[    0.004000] ACPI: Core revision 20170831
[    0.004000] ACPI: 2 ACPI AML tables successfully acquired and loaded
[    0.004000] APIC: Switch to symmetric I/O mode setup
[    0.004000] x2apic enabled
[    0.004000] Switched APIC routing to physical x2apic.
[    0.008000] ..TIMER: vector=0x30 apic1=0 pin1=2 apic2=-1 pin2=-1
[    0.008004] tsc: Detected 3300.002 MHz processor
[    0.012012] Calibrating delay loop (skipped) preset value.. 6600.00 BogoMIPS (lpj=13200008)
[    0.016004] pid_max: default: 32768 minimum: 301
[    0.017608] Security Framework initialized
[    0.018937] Yama: becoming mindful.
[    0.020035] AppArmor: AppArmor initialized
[    0.021692] Dentry cache hash table entries: 131072 (order: 8, 1048576 bytes)
[    0.024000] Inode-cache hash table entries: 65536 (order: 7, 524288 bytes)
[    0.024018] Mount-cache hash table entries: 2048 (order: 2, 16384 bytes)
[    0.028010] Mountpoint-cache hash table entries: 2048 (order: 2, 16384 bytes)
[    0.032172] Last level iTLB entries: 4KB 1024, 2MB 1024, 4MB 1024
[    0.034142] Last level dTLB entries: 4KB 1024, 2MB 1024, 4MB 1024, 1GB 4
[    0.036000] Spectre V1 : Mitigation: usercopy/swapgs barriers and __user pointer sanitization
[    0.036004] Spectre V2 : Mitigation: Retpolines
[    0.037523] Spectre V2 : Spectre v2 / SpectreRSB mitigation: Filling RSB on context switch
[    0.040003] Speculative Store Bypass: Vulnerable
[    0.044056] SRBDS: Unknown: Dependent on hypervisor status
[    0.045888] MDS: Mitigation: Clear CPU buffers
[    0.048407] Freeing SMP alternatives memory: 36K
[    0.161151] smpboot: CPU0: Intel(R) Core(TM) i5-4590 CPU @ 3.30GHz (family: 0x6, model: 0x3c, stepping: 0x3)
[    0.164000] Performance Events: unsupported p6 CPU model 60 no PMU driver, software events only.
[    0.164052] Hierarchical SRCU implementation.
[    0.168209] NMI watchdog: Perf event create on CPU 0 failed with -2
[    0.170233] NMI watchdog: Perf NMI watchdog permanently disabled
[    0.172000] smp: Bringing up secondary CPUs ...
[    0.172161] x86: Booting SMP configuration:
[    0.173508] .... node  #0, CPUs:      #1
[    0.004000] kvm-clock: cpu 1, msr 0:3ff44041, secondary cpu clock
[    0.180037] smp: Brought up 1 node, 2 CPUs
[    0.181374] smpboot: Max logical packages: 1
[    0.182753] smpboot: Total of 2 processors activated (13200.00 BogoMIPS)
[    0.184176] devtmpfs: initialized
[    0.185274] x86/mm: Memory block size: 128MB
[    0.188421] evm: security.selinux
[    0.189618] evm: security.SMACK64
[    0.190782] evm: security.SMACK64EXEC
[    0.192003] evm: security.SMACK64TRANSMUTE
[    0.193386] evm: security.SMACK64MMAP
[    0.194682] evm: security.apparmor
[    0.196003] evm: security.ima
[    0.197054] evm: security.capability
[    0.198353] clocksource: jiffies: mask: 0xffffffff max_cycles: 0xffffffff, max_idle_ns: 7645041785100000 ns
[    0.200027] futex hash table entries: 512 (order: 3, 32768 bytes)
[    0.204060] pinctrl core: initialized pinctrl subsystem
[    0.208143] RTC time: 20:22:29, date: 05/10/22
[    0.212264] NET: Registered protocol family 16
[    0.213952] audit: initializing netlink subsys (disabled)
[    0.216040] audit: type=2000 audit(1652214156.455:1): state=initialized audit_enabled=0 res=1
[    0.216109] cpuidle: using governor ladder
[    0.220009] cpuidle: using governor menu
[    0.221438] ACPI: bus type PCI registered
[    0.222831] acpiphp: ACPI Hot Plug PCI Controller Driver version: 0.5
[    0.224166] PCI: Using configuration type 1 for base access
[    0.230012] HugeTLB registered 2.00 MiB page size, pre-allocated 0 pages
[    0.232100] ACPI: Added _OSI(Module Device)
[    0.233476] ACPI: Added _OSI(Processor Device)
[    0.235039] ACPI: Added _OSI(3.0 _SCP Extensions)
[    0.236020] ACPI: Added _OSI(Processor Aggregator Device)
[    0.237836] ACPI: Added _OSI(Linux-Dell-Video)
[    0.240011] ACPI: Added _OSI(Linux-Lenovo-NV-HDMI-Audio)
[    0.241858] ACPI: Added _OSI(Linux-HPI-Hybrid-Graphics)
[    0.244534] ACPI: Executed 1 blocks of module-level executable AML code
[    0.258139] ACPI: Interpreter enabled
[    0.259434] ACPI: (supports S0 S5)
[    0.260005] ACPI: Using IOAPIC for interrupt routing
[    0.264048] PCI: Using host bridge windows from ACPI; if necessary, use "pci=nocrs" and report a bug
[    0.267728] ACPI: Enabled 2 GPEs in block 00 to 07
[    0.288536] ACPI: PCI Root Bridge [PCI0] (domain 0000 [bus 00-ff])
[    0.290630] acpi PNP0A03:00: _OSC: OS supports [ASPM ClockPM Segments MSI]
[    0.293742] acpi PNP0A03:00: _OSC: not requesting OS control; OS requires [ExtendedConfig ASPM ClockPM MSI]
[    0.296024] acpi PNP0A03:00: fail to add MMCONFIG information, can't access extended PCI configuration space under this bridge.
[    0.300847] PCI host bridge to bus 0000:00
[    0.302239] pci_bus 0000:00: root bus resource [io  0x0000-0x0cf7 window]
[    0.304005] pci_bus 0000:00: root bus resource [io  0x0d00-0xffff window]
[    0.308004] pci_bus 0000:00: root bus resource [mem 0x000a0000-0x000bffff window]
[    0.312007] pci_bus 0000:00: root bus resource [mem 0x40000000-0xfdffffff window]
[    0.316009] pci_bus 0000:00: root bus resource [bus 00-ff]
[    0.322035] pci 0000:00:01.1: legacy IDE quirk: reg 0x10: [io  0x01f0-0x01f7]
[    0.324005] pci 0000:00:01.1: legacy IDE quirk: reg 0x14: [io  0x03f6]
[    0.326285] pci 0000:00:01.1: legacy IDE quirk: reg 0x18: [io  0x0170-0x0177]
[    0.328005] pci 0000:00:01.1: legacy IDE quirk: reg 0x1c: [io  0x0376]
[    0.350388] pci 0000:00:07.0: quirk: [io  0x4000-0x403f] claimed by PIIX4 ACPI
[    0.352031] pci 0000:00:07.0: quirk: [io  0x4100-0x410f] claimed by PIIX4 SMB
[    0.365237] ACPI: PCI Interrupt Link [LNKA] (IRQs 5 9 10 *11)
[    0.368075] ACPI: PCI Interrupt Link [LNKB] (IRQs 5 9 *10 11)
[    0.370242] ACPI: PCI Interrupt Link [LNKC] (IRQs 5 *9 10 11)
[    0.372268] ACPI: PCI Interrupt Link [LNKD] (IRQs 5 9 10 *11)
[    0.375035] SCSI subsystem initialized
[    0.376117] pci 0000:00:02.0: vgaarb: setting as boot VGA device
[    0.378629] pci 0000:00:02.0: vgaarb: VGA device added: decodes=io+mem,owns=io+mem,locks=none
[    0.380014] pci 0000:00:02.0: vgaarb: bridge control possible
[    0.384003] vgaarb: loaded
[    0.385111] ACPI: bus type USB registered
[    0.386610] usbcore: registered new interface driver usbfs
[    0.388017] usbcore: registered new interface driver hub
[    0.389963] usbcore: registered new device driver usb
[    0.392090] EDAC MC: Ver: 3.0.0
[    0.393545] PCI: Using ACPI for IRQ routing
[    0.396436] NetLabel: Initializing
[    0.397931] NetLabel:  domain hash size = 128
[    0.399513] NetLabel:  protocols = UNLABELED CIPSOv4 CALIPSO
[    0.400035] NetLabel:  unlabeled traffic allowed by default
[    0.404190] clocksource: Switched to clocksource kvm-clock
[    0.450336] VFS: Disk quotas dquot_6.6.0
[    0.451817] VFS: Dquot-cache hash table entries: 512 (order 0, 4096 bytes)
[    0.454406] AppArmor: AppArmor Filesystem Enabled
[    0.456495] pnp: PnP ACPI init
[    0.461619] pnp: PnP ACPI: found 3 devices
[    0.472308] clocksource: acpi_pm: mask: 0xffffff max_cycles: 0xffffff, max_idle_ns: 2085701024 ns
[    0.475553] NET: Registered protocol family 2
[    0.477246] IP idents hash table entries: 16384 (order: 5, 131072 bytes)
[    0.483604] TCP established hash table entries: 8192 (order: 4, 65536 bytes)
[    0.486183] TCP bind hash table entries: 8192 (order: 5, 131072 bytes)
[    0.488390] TCP: Hash tables configured (established 8192 bind 8192)
[    0.490565] UDP hash table entries: 512 (order: 2, 16384 bytes)
[    0.492349] UDP-Lite hash table entries: 512 (order: 2, 16384 bytes)
[    0.494650] NET: Registered protocol family 1
[    0.496477] pci 0000:00:00.0: Limiting direct PCI/PCI transfers
[    0.498658] pci 0000:00:01.0: Activating ISA DMA hang workarounds
[    0.500903] pci 0000:00:02.0: Video device with shadowed ROM at [mem 0x000c0000-0x000dffff]
[    0.504398] Unpacking initramfs...
[    1.216651] Freeing initrd memory: 20580K
[    1.218306] clocksource: tsc: mask: 0xffffffffffffffff max_cycles: 0x2f914df9ec4, max_idle_ns: 440795240742 ns
[    1.221911] platform rtc_cmos: registered platform RTC device (no PNP device found)
[    1.224744] Scanning for low memory corruption every 60 seconds
[    1.227767] Initialise system trusted keyrings
[    1.229362] Key type blacklist registered
[    1.230785] workingset: timestamp_bits=36 max_order=18 bucket_order=0
[    1.235524] zbud: loaded
[    1.237697] squashfs: version 4.0 (2009/01/31) Phillip Lougher
[    1.239923] fuse init (API version 7.26)
[    1.243499] Key type asymmetric registered
[    1.245020] Asymmetric key parser 'x509' registered
[    1.247006] Block layer SCSI generic (bsg) driver version 0.4 loaded (major 246)
[    1.249718] io scheduler noop registered
[    1.251152] io scheduler deadline registered
[    1.252836] io scheduler cfq registered (default)
[    1.254790] ACPI: AC Adapter [AC] (on-line)
[    1.256400] input: Power Button as /devices/LNXSYSTM:00/LNXPWRBN:00/input/input0
[    1.258907] ACPI: Power Button [PWRF]
[    1.260297] input: Sleep Button as /devices/LNXSYSTM:00/LNXSLPBN:00/input/input1
[    1.262703] ACPI: Sleep Button [SLPF]
[    1.264463] Serial: 8250/16550 driver, 32 ports, IRQ sharing enabled
[    1.287846] 00:02: ttyS0 at I/O 0x3f8 (irq = 4, base_baud = 115200) is a 16550A
[    1.293431] Linux agpgart interface v0.103
[    1.296459] loop: module loaded
[    1.298452] scsi host0: ata_piix
[    1.299729] scsi host1: ata_piix
[    1.301020] ata1: PATA max UDMA/33 cmd 0x1f0 ctl 0x3f6 bmdma 0xd000 irq 14
[    1.303167] ata2: PATA max UDMA/33 cmd 0x170 ctl 0x376 bmdma 0xd008 irq 15
[    1.305632] tun: Universal TUN/TAP device driver, 1.6
[    1.307399] PPP generic driver version 2.4.2
[    1.309022] ehci_hcd: USB 2.0 'Enhanced' Host Controller (EHCI) Driver
[    1.311105] ehci-pci: EHCI PCI platform driver
[    1.312628] ehci-platform: EHCI generic platform driver
[    1.314647] ohci_hcd: USB 1.1 'Open' Host Controller (OHCI) Driver
[    1.316807] ohci-pci: OHCI PCI platform driver
[    1.318361] ohci-platform: OHCI generic platform driver
[    1.320293] uhci_hcd: USB Universal Host Controller Interface driver
[    1.322896] i8042: PNP: PS/2 Controller [PNP0303:PS2K,PNP0f03:PS2M] at 0x60,0x64 irq 1,12
[    1.326566] serio: i8042 KBD port at 0x60,0x64 irq 1
[    1.328899] serio: i8042 AUX port at 0x60,0x64 irq 12
[    1.331210] mousedev: PS/2 mouse device common for all mice
[    1.333974] input: AT Translated Set 2 keyboard as /devices/platform/i8042/serio0/input/input2
[    1.337519] rtc_cmos rtc_cmos: rtc core: registered rtc_cmos as rtc0
[    1.339757] rtc_cmos rtc_cmos: alarms up to one day, 114 bytes nvram
[    1.342070] i2c /dev entries driver
[    1.343379] device-mapper: uevent: version 1.0.3
[    1.345170] device-mapper: ioctl: 4.37.0-ioctl (2017-09-20) initialised: dm-devel@redhat.com
[    1.349482] ledtrig-cpu: registered to indicate activity on CPUs
[    1.351922] NET: Registered protocol family 10
[    1.359166] Segment Routing with IPv6
[    1.360503] NET: Registered protocol family 17
[    1.362051] Key type dns_resolver registered
[    1.363733] mce: Using 0 MCE banks
[    1.365091] RAS: Correctable Errors collector initialized.
[    1.367331] sched_clock: Marking stable (1365060566, 0)->(1710228556, -345167990)
[    1.370729] registered taskstats version 1
[    1.372129] Loading compiled-in X.509 certificates
[    1.377114] Loaded X.509 cert 'Build time autogenerated kernel key: ea99b1e66d5186ff77dcfb46de385e3fbd0a569c'
[    1.381630] Loaded X.509 cert 'Canonical Ltd. Live Patch Signing: 14df34d1a87cf37625abec039ef2bf521249b969'
[    1.386023] Loaded X.509 cert 'Canonical Ltd. Kernel Module Signing: 88f752e560a1e0737e31163a466ad7b70a850c19'
[    1.389296] blacklist: Loading compiled-in revocation X.509 certificates
[    1.391500] Loaded X.509 cert 'Canonical Ltd. Secure Boot Signing: 61482aa2830d0ab2ad5af10b7250da9033ddcef0'
[    1.394744] zswap: loaded using pool lzo/zbud
[    1.401715] Key type big_key registered
[    1.403137] Key type trusted registered
[    1.406775] Key type encrypted registered
[    1.408383] AppArmor: AppArmor sha1 policy hashing enabled
[    1.410286] ima: No TPM chip found, activating TPM-bypass! (rc=-19)
[    1.412418] ima: Allocated hash algorithm: sha1
[    1.414004] evm: HMAC attrs: 0x1
[    1.415468]   Magic number: 6:689:396
[    1.417083] rtc_cmos rtc_cmos: setting system clock to 2022-05-10 20:22:30 UTC (1652214150)
[    1.419889] BIOS EDD facility v0.16 2004-Jun-25, 0 devices found
[    1.421894] EDD information not available.
[    1.525313] Freeing unused kernel image memory: 2468K
[    2.452691] Write protecting the kernel read-only data: 20480k
[    2.455937] Freeing unused kernel image memory: 2008K
[    2.458337] Freeing unused kernel image memory: 1820K
[    2.488939] x86/mm: Checked W+X mappings: passed, no W+X pages found.
[    2.491359] x86/mm: Checking user space page tables
[    2.522708] x86/mm: Checked W+X mappings: passed, no W+X pages found.
Loading, please wait...
starting version 237
[    2.656051] e1000: Intel(R) PRO/1000 Network Driver - version 7.3.21-k8-NAPI
[    2.658597] e1000: Copyright (c) 1999-2006 Intel Corporation.
[    2.666460] Fusion MPT base driver 3.04.20
[    2.667937] Copyright (c) 1999-2008 LSI Corporation
[    2.687870] AVX2 version of gcm_enc/dec engaged.
[    2.689585] AES CTR mode by8 optimization enabled
[    2.716284] Fusion MPT SPI Host driver 3.04.20
[    2.880278] input: ImExPS/2 Generic Explorer Mouse as /devices/platform/i8042/serio1/input/input4
[    3.169876] e1000 0000:00:03.0 eth0: (PCI:33MHz:32-bit) 02:27:94:89:a7:22
[    3.172351] e1000 0000:00:03.0 eth0: Intel(R) PRO/1000 Network Connection
[    3.178474] e1000 0000:00:03.0 enp0s3: renamed from eth0
[    3.180139] mptbase: ioc0: Initiating bringup
[    3.278431] ioc0: LSI53C1030 A0: Capabilities={Initiator}
[    3.534798] scsi host2: ioc0: LSI53C1030 A0, FwRev=00000000h, Ports=1, MaxQ=256, IRQ=20
[    3.705809] scsi 2:0:0:0: Direct-Access     VBOX     HARDDISK         1.0  PQ: 0 ANSI: 5
[    3.748236] scsi target2:0:0: Beginning Domain Validation
[    3.765852] scsi target2:0:0: Domain Validation skipping write tests
[    3.776128] scsi target2:0:0: Ending Domain Validation
[    3.785472] scsi target2:0:0: asynchronous
[    3.796500] scsi 2:0:1:0: Direct-Access     VBOX     HARDDISK         1.0  PQ: 0 ANSI: 5
[    3.832042] scsi target2:0:1: Beginning Domain Validation
[    3.837174] random: fast init done
[    3.840691] scsi target2:0:1: Domain Validation skipping write tests
[    3.844940] scsi target2:0:1: Ending Domain Validation
[    3.848751] scsi target2:0:1: asynchronous
[    3.860648] random: systemd-udevd: uninitialized urandom read (16 bytes read)
[    3.863256] sd 2:0:0:0: Attached scsi generic sg0 type 0
[    3.863606] sd 2:0:0:0: [sda] 83886080 512-byte logical blocks: (42.9 GB/40.0 GiB)
[    3.870637] random: systemd-udevd: uninitialized urandom read (16 bytes read)
[    3.873261] random: systemd-udevd: uninitialized urandom read (16 bytes read)
[    3.873288] sd 2:0:1:0: Attached scsi generic sg1 type 0
[    3.876654] sd 2:0:0:0: [sda] Write Protect is off
[    3.880691] sd 2:0:1:0: [sdb] 20480 512-byte logical blocks: (10.5 MB/10.0 MiB)
[    3.880810] sd 2:0:0:0: [sda] Incomplete mode parameter data
[    3.885784] sd 2:0:0:0: [sda] Assuming drive cache: write through
[    3.885816] sd 2:0:1:0: [sdb] Write Protect is off
[    3.889701]  sda: sda1
[    3.891097] sd 2:0:1:0: [sdb] Incomplete mode parameter data
[    3.892205] sd 2:0:0:0: [sda] Attached SCSI disk
[    3.893339] sd 2:0:1:0: [sdb] Assuming drive cache: write through
[    3.902127] sd 2:0:1:0: [sdb] Attached SCSI disk
Begin: Loading essential drivers ... [    6.012035] raid6: sse2x1   gen()  2850 MB/s
[    6.060060] raid6: sse2x1   xor()  1801 MB/s
[    6.108115] raid6: sse2x2   gen()  6308 MB/s
[    6.156168] raid6: sse2x2   xor()  2931 MB/s
[    6.204141] raid6: sse2x4   gen()  7150 MB/s
[    6.252118] raid6: sse2x4   xor()  4048 MB/s
[    6.300075] raid6: avx2x1   gen()  5741 MB/s
[    6.348021] raid6: avx2x1   xor()  3188 MB/s
[    6.396186] raid6: avx2x2   gen() 10742 MB/s
[    6.444150] raid6: avx2x2   xor()  5844 MB/s
[    6.492086] raid6: avx2x4   gen() 14269 MB/s
[    6.540073] raid6: avx2x4   xor()  8376 MB/s
[    6.541861] raid6: using algorithm avx2x4 gen() 14269 MB/s
[    6.543734] raid6: .... xor() 8376 MB/s, rmw enabled
[    6.545547] raid6: using avx2x2 recovery algorithm
[    6.548871] xor: automatically using best checksumming function   avx       
[    6.552747] async_tx: api initialized (async)
done.
Begin: Running /scripts/init-premount ... done.
Begin: Mounting root file system ... Begin: Running /scripts/local-top ... done.
Begin: Running /scripts/local-premount ... [    6.641096] Btrfs loaded, crc32c=crc32c-intel
Scanning for Btrfs filesystems
done.
Begin: Will now check root file system ... fsck from util-linux 2.31.1
[/sbin/fsck.ext4 (1) -- /dev/sda1] fsck.ext4 -a -C0 /dev/sda1 
cloudimg-rootfs: recovering journal
cloudimg-rootfs: Clearing orphaned inode 17426 (uid=0, gid=0, mode=0100666, size=0)
cloudimg-rootfs: Clearing orphaned inode 267076 (uid=0, gid=0, mode=0100666, size=0)
cloudimg-rootfs: Clearing orphaned inode 7820 (uid=111, gid=116, mode=0100600, size=0)
cloudimg-rootfs: Clearing orphaned inode 7809 (uid=111, gid=116, mode=0100600, size=0)
cloudimg-rootfs: Clearing orphaned inode 7808 (uid=111, gid=116, mode=0100600, size=0)
cloudimg-rootfs: Clearing orphaned inode 7807 (uid=111, gid=116, mode=0100600, size=0)
cloudimg-rootfs: Clearing orphaned inode 7805 (uid=111, gid=116, mode=0100600, size=0)
cloudimg-rootfs: Clearing orphaned inode 6206 (uid=0, gid=0, mode=0100644, size=34872)
cloudimg-rootfs: Clearing orphaned inode 5067 (uid=0, gid=0, mode=0100644, size=501680)
cloudimg-rootfs: Clearing orphaned inode 2168 (uid=0, gid=0, mode=0100644, size=464824)
cloudimg-rootfs: Clearing orphaned inode 4353 (uid=0, gid=0, mode=0100755, size=4526456)
cloudimg-rootfs: Clearing orphaned inode 7202 (uid=0, gid=0, mode=0100644, size=74664)
cloudimg-rootfs: clean, 100993/5120000 files, 819107/10485499 blocks
done.
[    6.906125] EXT4-fs (sda1): mounted filesystem with ordered data mode. Opts: (null)
done.
Begin: Running /scripts/local-bottom ... done.
Begin: Running /scripts/init-bottom ... done.
[    7.805469] ip_tables: (C) 2000-2006 Netfilter Core Team
[    7.842873] systemd[1]: systemd 237 running in system mode. (+PAM +AUDIT +SELINUX +IMA +APPARMOR +SMACK +SYSVINIT +UTMP +LIBCRYPTSETUP +GCRYPT +GNUTLS +ACL +XZ +LZ4 +SECCOMP +BLKID +ELFUTILS +KMOD -IDN2 +IDN -PCRE2 default-hierarchy=hybrid)
[    7.854751] systemd[1]: Detected virtualization oracle.
[    7.858152] systemd[1]: Detected architecture x86-64.

Welcome to [1mUbuntu 18.04.6 LTS[0m!

[    7.911666] systemd[1]: Set hostname to <ubuntu-bionic>.
[    8.609616] random: crng init done
[    8.613096] random: 7 urandom warning(s) missed due to ratelimiting
[    9.119276] systemd[1]: Started Forward Password Requests to Wall Directory Watch.
[[0;32m  OK  [0m] Started Forward Password Requests to Wall Directory Watch.
[    9.123816] systemd[1]: Set up automount Arbitrary Executable File Formats File System Automount Point.
[[0;32m  OK  [0m] Set up automount Arbitrary Executabâ€¦rmats File System Automount Point.
[    9.129549] systemd[1]: Reached target System Time Synchronized.
[[0;32m  OK  [0m] Reached target System Time Synchronized.
[    9.132814] systemd[1]: Reached target Swap.
[[0;32m  OK  [0m] Reached target Swap.
[    9.135338] systemd[1]: Reached target User and Group Name Lookups.
[[0;32m  OK  [0m] Reached target User and Group Name Lookups.
[    9.140864] systemd[1]: Created slice System Slice.
[[0;32m  OK  [0m] Created slice System Slice.
[[0;32m  OK  [0m] Listening on Network Service Netlink Socket.
[[0;32m  OK  [0m] Listening on LVM2 poll daemon socket.
[[0;32m  OK  [0m] Listening on Journal Audit Socket.
[[0;32m  OK  [0m] Listening on Syslog Socket.
[[0;32m  OK  [0m] Listening on LVM2 metadata daemon socket.
[[0;32m  OK  [0m] Listening on Journal Socket (/dev/log).
[[0;32m  OK  [0m] Listening on Device-mapper event daemon FIFOs.
[[0;32m  OK  [0m] Listening on udev Kernel Socket.
[[0;32m  OK  [0m] Listening on udev Control Socket.
[[0;32m  OK  [0m] Listening on Journal Socket.
         Starting Uncomplicated firewall...
         Mounting Huge Pages File System...
         Starting Set the console keyboard layout...
         Mounting Kernel Debug File System...
         Mounting POSIX Message Queue File System...
         Starting Journal Service...
         Starting Create list of required stâ€¦ce nodes for the current kernel...
[[0;32m  OK  [0m] Listening on fsck to fsckd communication Socket.
         Starting Remount Root and Kernel File Systems...
         Starting Monitoring of LVM2 mirrorsâ€¦ng dmeventd or progress polling...
         Starting Load Kernel Modules...
[[0;32m  OK  [0m] Created slice User and Session Slice.
[[0;32m  OK  [0m] Reached target Slices.
         Starting udev Coldplug all Devices...
[[0;32m  OK  [0m] Listening on /dev/initctl Compatibility Named Pipe.
[[0;32m  OK  [0m] Created slice system-serial\x2dgetty.slice.
[[0;32m  OK  [0m] Started Uncomplicated firewall.
[[0;32m  OK  [0m] Mounted Huge Pages File System.
[[0;32m  OK  [0m] Mounted Kernel Debug File System.
[[0;32m  OK  [0m] Mounted POSIX Message Queue File System.
[[0;32m  OK  [0m] Started Create list of required staâ€¦vice nodes for the current kernel.
         Starting Create Static Device Nodes in /dev...
[[0;32m  OK  [0m] Started udev Col[    9.447342] Loading iSCSI transport class v2.0-870.
dplug all Devices.
[    9.521618] EXT4-fs (sda1): re-mounted. Opts: (null)
[[0;32m  OK  [0m] Started Remount Root and Kernel File Systems.
[    9.635659] iscsi: registered transport (tcp)
         Starting Load/Save Random Seed...
[[0;32m  OK  [0m] Started Journal Service.
[[0;32m  OK  [0m] Started Create Static Device Nodes in /dev.
[[0;32m  OK  [0m] Started LVM2 metadata daemon.
         Starting udev Kernel Device Manager...
         Starting Flush Journal to Persistent Storage...
[    9.691846] iscsi: registered transport (iser)
[[0;32m  OK  [0m] Started Load Kernel Modules.
         Starting Apply Kernel Variables...
         Mounting Kernel Configuration File System...
         Mounting FUSE Control File System...
[[0;32m  OK  [0m] Mounted Kernel Configuration File System.
[[0;32m  OK  [0m] Mounted FUSE Control File System.
[[0;32m  OK  [0m] Started Load/Save Random Seed.
[[0;32m  OK  [0m] Started Set the console keyboard layout.
[    9.810021] systemd-journald[415]: Received request to flush runtime journal from PID 1
[[0;32m  OK  [0m] Started Monitoring of LVM2 mirrors,â€¦sing dmeventd or progress polling.
[[0;32m  OK  [0m] Reached target Local File Systems (Pre).
[[0;32m  OK  [0m] Reached target Local File Systems.
         Starting AppArmor initialization...
         Starting Set console font and keymap...
         Starting Tell Plymouth To Write Out Runtime Data...
         Starting ebtables ruleset management...
[[0;32m  OK  [0m] Started Apply Kernel Variables.
[[0;32m  OK  [0m] Started Set console font and keymap.
[[0;32m  OK  [0m] Started Tell Plymouth To Write Out Runtime Data.
[[0;32m  OK  [0m] Started udev Kernel Device Manager.
[[0;32m  OK  [0m] Started Dispatch Password Requests to Console Directory Watch.
[[0;32m  OK  [0m] Reached target Local Encrypted Volumes.
[[0;32m  OK  [0m] Started ebtables ruleset management.
[[0;32m  OK  [0m] Started Flush Journal to Persistent Storage.
         Starting Create Volatile Files and Directories...
[[0;32m  OK  [0m] Started Create Volatile Files and Directories.
         Starting Update UTMP about System Boot/Shutdown...
[[0;32m  OK  [0m] Found device /dev/ttyS0.
[[0;32m  OK  [0m] Started Update UTMP about System Boot/Shutdown.
[[0;32m  OK  [0m] Listening on Load/Save RF Kill Switch Status /dev/rfkill Watch.
[[0;32m  OK  [0m] Started AppArmor initialization.
         Starting Load AppArmor profiles managed internally by snapd...
         Starting Initial cloud-init job (pre-networking)...
[[0;32m  OK  [0m] Started Load AppArmor profiles managed internally by snapd.
[   15.647485] cloud-init[569]: Cloud-init v. 22.1-14-g2e17a0d6-0ubuntu1~18.04.3 running 'init-local' at Tue, 10 May 2022 20:22:44 +0000. Up 15.14 seconds.
[[0;32m  OK  [0m] Started Initial cloud-init job (pre-networking).
[[0;32m  OK  [0m] Reached target Network (Pre).
         Starting Network Service...
[[0;32m  OK  [0m] Started Network Service.
         Starting Network Name Resolution...
         Starting Wait for Network to be Configured...
[[0;32m  OK  [0m] Started Network Name Resolution.
[[0;32m  OK  [0m] Reached target Host and Network Name Lookups.
[[0;32m  OK  [0m] Reached target Network.
[[0;32m  OK  [0m] Started Wait for Network to be Configured.
         Starting Initial cloud-init job (metadata service crawler)...
[   19.027861] cloud-init[683]: Cloud-init v. 22.1-14-g2e17a0d6-0ubuntu1~18.04.3 running 'init' at Tue, 10 May 2022 20:22:47 +0000. Up 18.53 seconds.
[   19.030674] cloud-init[683]: ci-info: ++++++++++++++++++++++++++++++++++++++Net device info++++++++++++++++++++++++++++++++++++++
[   19.033172] cloud-init[683]: ci-info: +--------+------+----------------------------+---------------+--------+-------------------+
[   19.035674] cloud-init[683]: ci-info: | Device |  Up  |          Address           |      Mask     | Scope  |     Hw-Address    |
[   19.038246] cloud-init[683]: ci-info: +--------+------+----------------------------+---------------+--------+-------------------+
[   19.040676] cloud-init[683]: ci-info: | enp0s3 | True |         10.0.2.15          | 255.255.255.0 | global | 02:27:94:89:a7:22 |
[   19.043098] cloud-init[683]: ci-info: | enp0s3 | True | fe80::27:94ff:fe89:a722/64 |       .       |  link  | 02:27:94:89:a7:22 |
[   19.045624] cloud-init[683]: ci-info: |   lo   | True |         127.0.0.1          |   255.0.0.0   |  host  |         .         |
[   19.048289] cloud-init[683]: ci-info: |   lo   | True |          ::1/128           |       .       |  host  |         .         |
[   19.050654] cloud-init[683]: ci-info: +--------+------+----------------------------+---------------+--------+-------------------+
[   19.053239] cloud-init[683]: ci-info: ++++++++++++++++++++++++++++Route IPv4 info+++++++++++++++++++++++++++++
[   19.055406] cloud-init[683]: ci-info: +-------+-------------+----------+-----------------+-----------+-------+
[   19.059465] cloud-init[683]: ci-info: | Route | Destination | Gateway  |     Genmask     | Interface | Flags |
[   19.061348] cloud-init[683]: ci-info: +-------+-------------+----------+-----------------+-----------+-------+
[   19.063204] cloud-init[683]: ci-info: |   0   |   0.0.0.0   | 10.0.2.2 |     0.0.0.0     |   enp0s3  |   UG  |
[   19.065626] cloud-init[683]: ci-info: |   1   |   10.0.2.0  | 0.0.0.0  |  255.255.255.0  |   enp0s3  |   U   |
[   19.067302] cloud-init[683]: ci-info: |   2   |   10.0.2.2  | 0.0.0.0  | 255.255.255.255 |   enp0s3  |   UH  |
[   19.068944] cloud-init[683]: ci-info: +-------+-------------+----------+-----------------+-----------+-------+
[   19.070807] cloud-init[683]: ci-info: +++++++++++++++++++Route IPv6 info+++++++++++++++++++
[   19.072472] cloud-init[683]: ci-info: +-------+-------------+---------+-----------+-------+
[   19.088229] cloud-init[683]: ci-info: | Route | Destination | Gateway | Interface | Flags |
[   19.090050] cloud-init[683]: ci-info: +-------+-------------+---------+-----------+-------+
[   19.091814] cloud-init[683]: ci-info: |   1   |  fe80::/64  |    ::   |   enp0s3  |   U   |
[   19.093668] cloud-init[683]: ci-info: |   3   |    local    |    ::   |   enp0s3  |   U   |
[   19.095440] cloud-init[683]: ci-info: |   4   |   ff00::/8  |    ::   |   enp0s3  |   U   |
[   19.097358] cloud-init[683]: ci-info: +-------+-------------+---------+-----------+-------+
[[0;32m  OK  [0m] Started Initial cloud-init job (metadata service crawler).
[[0;32m  OK  [0m] Reached target System Initialization.
[[0;32m  OK  [0m] Listening on ACPID Listen Socket.
[[0;32m  OK  [0m] Started Message of the Day.
[[0;32m  OK  [0m] Listening on UUID daemon activation socket.
[[0;32m  OK  [0m] Started Ubuntu Advantage Timer for running repeated jobs.
[[0;32m  OK  [0m] Started Discard unused blocks once a week.
[[0;32m  OK  [0m] Started ACPI Events Check.
[[0;32m  OK  [0m] Listening on D-Bus System Message Bus Socket.
[[0;32m  OK  [0m] Started Daily Cleanup of Temporary Directories.
[[0;32m  OK  [0m] Listening on cloud-init hotplug hook socket.
         Starting LXD - unix socket.
[[0;32m  OK  [0m] Started Clean PHP session files every 30 mins.
[[0;32m  OK  [0m] Listening on Open-iSCSI iscsid Socket.
[[0;32m  OK  [0m] Started Daily apt download activities.
[[0;32m  OK  [0m] Started Daily apt upgrade and clean activities.
[[0;32m  OK  [0m] Reached target Timers.
         Starting Socket activation for snappy daemon.
[[0;32m  OK  [0m] Started Trigger to poll for Ubuntu â€¦(Only enabled on GCP LTS non-pro).
[[0;32m  OK  [0m] Reached target Paths.
[[0;32m  OK  [0m] Reached target Network is Online.
[[0;32m  OK  [0m] Reached target Remote File Systems (Pre).
         Mounting /var/www/html/php-info...
         Starting Availability of block devices...
         Mounting /var/www/html/class_projects...
         Mounting /var/www/html/php-example...
         Mounting /vagrant...
[[0;32m  OK  [0m] Reached target Cloud-config availability.
[[0;32m  OK  [0m] Listening on LXD - unix socket.
[[0;32m  OK  [0m] Listening on Socket activation for snappy daemon.
[[0;32m  OK  [0m] Reached target Sockets.
[[0;32m  OK  [0m] Reached target Basic System.
         Starting MySQL Community Server...
[[0;32m  OK  [0m] Started Regular background program processing daemon.
         Starting Message of the Day...
         Starting Login Service...
         Starting LXD - container startup/shutdown...
         Starting LSB: Record successful boot for GRUB...
         Starting Virtualbox guest utils...
         Starting Clean php session files...
         Starting System Logging Service...
         Starting OpenBSD Secure Shell server...
         Starting Discard unused blocks...
[[0;32m  OK  [0m] Started Deferred execution scheduler.
[[0;32m  OK  [0m] Started D-Bus System Message Bus.
[[0;32m  OK  [0m] Started irqbalance daemon.
         Starting Snap Daemon...
         Starting The PHP 5.6 FastCGI Process Manager...
         Starting Accounts Service...
[[0;32m  OK  [0m] Started FUSE filesystem for LXC.
         Starting Dispatcher daemon for systemd-networkd...
[[0;32m  OK  [0m] Started System Logging Service.
[[0;32m  OK  [0m] Mounted /var/www/html/php-info.
[[0;32m  OK  [0m] Started Availability of block devices.
[[0;32m  OK  [0m] Mounted /var/www/html/class_projects.
[[0;32m  OK  [0m] Mounted /var/www/html/php-example.
[[0;32m  OK  [0m] Mounted /vagrant.
[[0;32m  OK  [0m] Started Discard unused blocks.
[[0;32m  OK  [0m] Started Login Service.
[[0;32m  OK  [0m] Started Unattended Upgrades Shutdown.
[[0;32m  OK  [0m] Reached target Remote File Systems.
         Starting Permit User Sessions...
         Starting LSB: automatic crash report generation...
         Starting The Apache HTTP Server...
[[0;32m  OK  [0m] Started OpenBSD Secure Shell server.
[[0;32m  OK  [0m] Started Permit User Sessions.
         Starting Terminate Plymouth Boot Screen...
         Starting Hold until boot process finishes up...
[[0;32m  OK  [0m] Started Hold until boot process finishes up.
[[0;32m  OK  [0m] Started Serial Getty on ttyS0.
         Starting Set console scheme...
[[0;32m  OK  [0m] Started Terminate Plymouth Boot Screen.
[[0;32m  OK  [0m] Started Set console scheme.
[[0;32m  OK  [0m] Created slice system-getty.slice.
[[0;32m  OK  [0m] Started Getty on tty1.
[[0;32m  OK  [0m] Reached target Login Prompts.
[[0;32m  OK  [0m] Started LSB: Record successful boot for GRUB.
[[0;32m  OK  [0m] Started LSB: automatic crash report generation.
         Starting Authorization Manager...
[[0;32m  OK  [0m] Started Virtualbox guest utils.
[[0;32m  OK  [0m] Created slice User Slice of vagrant.
[[0;32m  OK  [0m] Started Dispatcher daemon for systemd-networkd.
[[0;32m  OK  [0m] Started Authorization Manager.
[[0;32m  OK  [0m] Started Accounts Service.
         Starting User Manager for UID 1000...
[[0;32m  OK  [0m] Started Session 1 of user vagrant.
[[0;32m  OK  [0m] Started Message of the Day.
[[0;32m  OK  [0m] Started LXD - container startup/shutdown.
[[0;32m  OK  [0m] Started User Manager for UID 1000.
[[0;32m  OK  [0m] Started The Apache HTTP Server.

Ubuntu 18.04.6 LTS ubuntu-bionic ttyS0

ubuntu-bionic login: [   31.089295] cloud-init[1601]: Cloud-init v. 22.1-14-g2e17a0d6-0ubuntu1~18.04.3 running 'modules:config' at Tue, 10 May 2022 20:22:59 +0000. Up 30.71 seconds.
[   32.428426] cloud-init[1664]: Cloud-init v. 22.1-14-g2e17a0d6-0ubuntu1~18.04.3 running 'modules:final' at Tue, 10 May 2022 20:23:01 +0000. Up 32.16 seconds.
[   32.428949] cloud-init[1664]: Cloud-init v. 22.1-14-g2e17a0d6-0ubuntu1~18.04.3 finished at Tue, 10 May 2022 20:23:01 +0000. Datasource DataSourceNoCloud [seed=/dev/sdb][dsmode=net].  Up 32.41 seconds
         Stopping Regular background program processing daemon...
[[0;32m  OK  [0m] Stopped Regular background program processing daemon.
[[0;32m  OK  [0m] Started Regular background program processing daemon.
         Stopping Dispatcher daemon for systemd-networkd...
[[0;32m  OK  [0m] Stopped Dispatcher daemon for systemd-networkd.
         Starting Dispatcher daemon for systemd-networkd...
[[0;32m  OK  [0m] Started Dispatcher daemon for systemd-networkd.
         Stopping System Logging Service...
[[0;32m  OK  [0m] Stopped System Logging Service.
         Starting System Logging Service...
[[0;32m  OK  [0m] Started System Logging Service.
[[0;32m  OK  [0m] Stopped target Sockets.
         Stopping Sockets.
[[0;32m  OK  [0m] Reached target Sockets.
         Stopping MySQL Community Server...
[[0;32m  OK  [0m] Stopped MySQL Community Server.
         Starting MySQL Community Server...
[[0;32m  OK  [0m] Started MySQL Community Server.
[[0;32m  OK  [0m] Started Daily apt upgrade and clean activities.
